Number of files requested to concatenate:  101

  C:\ENQBASE\SuiviCFCRTM\Alldata\CHENQ01.csdb
  C:\ENQBASE\SuiviCFCRTM\Alldata\CHENQ02.csdb
  C:\ENQBASE\SuiviCFCRTM\Alldata\CHENQ03.csdb
  C:\ENQBASE\SuiviCFCRTM\Alldata\CHENQ04.csdb
  C:\ENQBASE\SuiviCFCRTM\Alldata\CHENQ05.csdb
  C:\ENQBASE\SuiviCFCRTM\Alldata\CHENQ06.csdb
  C:\ENQBASE\SuiviCFCRTM\Alldata\CHENQ08.csdb
  C:\ENQBASE\SuiviCFCRTM\Alldata\CHENQ11.csdb
  C:\ENQBASE\SuiviCFCRTM\Alldata\CHENQ14.csdb
  C:\ENQBASE\SuiviCFCRTM\Alldata\CHENQ15.csdb
  C:\ENQBASE\SuiviCFCRTM\Alldata\CHENQ16.csdb
  C:\ENQBASE\SuiviCFCRTM\Alldata\CHENQ19.csdb
  C:\ENQBASE\SuiviCFCRTM\Alldata\CHENQ20.csdb
  C:\ENQBASE\SuiviCFCRTM\Alldata\CHENQ21.csdb
  C:\ENQBASE\SuiviCFCRTM\Alldata\CHENQ23.csdb
  C:\ENQBASE\SuiviCFCRTM\Alldata\CHENQ31.csdb
  C:\ENQBASE\SuiviCFCRTM\Alldata\CHENQ35.csdb
  C:\ENQBASE\SuiviCFCRTM\Alldata\CHENQ36.csdb
  C:\ENQBASE\SuiviCFCRTM\Alldata\CHENQ40.csdb
  C:\ENQBASE\SuiviCFCRTM\Alldata\CHENQ41.csdb
  C:\ENQBASE\SuiviCFCRTM\Alldata\CHENQ42.csdb
  C:\ENQBASE\SuiviCFCRTM\Alldata\CHENQ43.csdb
  C:\ENQBASE\SuiviCFCRTM\Alldata\CHENQ44.csdb
  C:\ENQBASE\SuiviCFCRTM\Alldata\CHENQ45.csdb
  C:\ENQBASE\SuiviCFCRTM\Alldata\CHENQ46.csdb
  C:\ENQBASE\SuiviCFCRTM\Alldata\CHENQ47.csdb
  C:\ENQBASE\SuiviCFCRTM\Alldata\CHENQ48.csdb
  C:\ENQBASE\SuiviCFCRTM\Alldata\CHENQ49.csdb
  C:\ENQBASE\SuiviCFCRTM\Alldata\CHENQ50.csdb
  C:\ENQBASE\SuiviCFCRTM\Alldata\CHENQ51.csdb
  C:\ENQBASE\SuiviCFCRTM\Alldata\CHENQ52.csdb
  C:\ENQBASE\SuiviCFCRTM\Alldata\CHENQ53.csdb
  C:\ENQBASE\SuiviCFCRTM\Alldata\CHENQ54.csdb
  C:\ENQBASE\SuiviCFCRTM\Alldata\CHENQ55.csdb
  C:\ENQBASE\SuiviCFCRTM\Alldata\CHENQ56.csdb
  C:\ENQBASE\SuiviCFCRTM\Alldata\CHENQ57.csdb
  C:\ENQBASE\SuiviCFCRTM\Alldata\CHENQ58.csdb
  C:\ENQBASE\SuiviCFCRTM\Alldata\CHENQ59.csdb
  C:\ENQBASE\SuiviCFCRTM\Alldata\CHENQ87.csdb
  C:\ENQBASE\SuiviCFCRTM\Alldata\CHENQ89.csdb

Number of files concatenated:  40

Output file:  
  C:\ENQBASE\SuiviCFCRTM\OutputMod\ModuleCH.csdb


Concatenation done with the following errors:

File C:\ENQBASE\SuiviCFCRTM\Alldata\CHENQ00.csdb not found

File C:\ENQBASE\SuiviCFCRTM\Alldata\CHENQ07.csdb not found

File C:\ENQBASE\SuiviCFCRTM\Alldata\CHENQ09.csdb not found

File C:\ENQBASE\SuiviCFCRTM\Alldata\CHENQ10.csdb not found

File C:\ENQBASE\SuiviCFCRTM\Alldata\CHENQ12.csdb not found

File C:\ENQBASE\SuiviCFCRTM\Alldata\CHENQ13.csdb not found

File C:\ENQBASE\SuiviCFCRTM\Alldata\CHENQ17.csdb not found

File C:\ENQBASE\SuiviCFCRTM\Alldata\CHENQ18.csdb not found

File C:\ENQBASE\SuiviCFCRTM\Alldata\CHENQ22.csdb not found

File C:\ENQBASE\SuiviCFCRTM\Alldata\CHENQ24.csdb not found

File C:\ENQBASE\SuiviCFCRTM\Alldata\CHENQ25.csdb not found

File C:\ENQBASE\SuiviCFCRTM\Alldata\CHENQ26.csdb not found

File C:\ENQBASE\SuiviCFCRTM\Alldata\CHENQ27.csdb not found

File C:\ENQBASE\SuiviCFCRTM\Alldata\CHENQ28.csdb not found

File C:\ENQBASE\SuiviCFCRTM\Alldata\CHENQ29.csdb not found

File C:\ENQBASE\SuiviCFCRTM\Alldata\CHENQ30.csdb not found

File C:\ENQBASE\SuiviCFCRTM\Alldata\CHENQ32.csdb not found

File C:\ENQBASE\SuiviCFCRTM\Alldata\CHENQ33.csdb not found

File C:\ENQBASE\SuiviCFCRTM\Alldata\CHENQ34.csdb not found

File C:\ENQBASE\SuiviCFCRTM\Alldata\CHENQ37.csdb not found

File C:\ENQBASE\SuiviCFCRTM\Alldata\CHENQ38.csdb not found

File C:\ENQBASE\SuiviCFCRTM\Alldata\CHENQ39.csdb not found

File C:\ENQBASE\SuiviCFCRTM\Alldata\CHENQ60.csdb not found

File C:\ENQBASE\SuiviCFCRTM\Alldata\CHENQ61.csdb not found

File C:\ENQBASE\SuiviCFCRTM\Alldata\CHENQ62.csdb not found

File C:\ENQBASE\SuiviCFCRTM\Alldata\CHENQ63.csdb not found

File C:\ENQBASE\SuiviCFCRTM\Alldata\CHENQ64.csdb not found

File C:\ENQBASE\SuiviCFCRTM\Alldata\CHENQ65.csdb not found

File C:\ENQBASE\SuiviCFCRTM\Alldata\CHENQ66.csdb not found

File C:\ENQBASE\SuiviCFCRTM\Alldata\CHENQ67.csdb not found

File C:\ENQBASE\SuiviCFCRTM\Alldata\CHENQ68.csdb not found

File C:\ENQBASE\SuiviCFCRTM\Alldata\CHENQ69.csdb not found

File C:\ENQBASE\SuiviCFCRTM\Alldata\CHENQ70.csdb not found

File C:\ENQBASE\SuiviCFCRTM\Alldata\CHENQ71.csdb not found

File C:\ENQBASE\SuiviCFCRTM\Alldata\CHENQ72.csdb not found

File C:\ENQBASE\SuiviCFCRTM\Alldata\CHENQ73.csdb not found

File C:\ENQBASE\SuiviCFCRTM\Alldata\CHENQ74.csdb not found

File C:\ENQBASE\SuiviCFCRTM\Alldata\CHENQ75.csdb not found

File C:\ENQBASE\SuiviCFCRTM\Alldata\CHENQ76.csdb not found

File C:\ENQBASE\SuiviCFCRTM\Alldata\CHENQ77.csdb not found

File C:\ENQBASE\SuiviCFCRTM\Alldata\CHENQ78.csdb not found

File C:\ENQBASE\SuiviCFCRTM\Alldata\CHENQ79.csdb not found

File C:\ENQBASE\SuiviCFCRTM\Alldata\CHENQ80.csdb not found

File C:\ENQBASE\SuiviCFCRTM\Alldata\CHENQ81.csdb not found

File C:\ENQBASE\SuiviCFCRTM\Alldata\CHENQ82.csdb not found

File C:\ENQBASE\SuiviCFCRTM\Alldata\CHENQ83.csdb not found

File C:\ENQBASE\SuiviCFCRTM\Alldata\CHENQ84.csdb not found

File C:\ENQBASE\SuiviCFCRTM\Alldata\CHENQ85.csdb not found

File C:\ENQBASE\SuiviCFCRTM\Alldata\CHENQ86.csdb not found

File C:\ENQBASE\SuiviCFCRTM\Alldata\CHENQ88.csdb not found

File C:\ENQBASE\SuiviCFCRTM\Alldata\CHENQ90.csdb not found

File C:\ENQBASE\SuiviCFCRTM\Alldata\CHENQ91.csdb not found

File C:\ENQBASE\SuiviCFCRTM\Alldata\CHENQ92.csdb not found

File C:\ENQBASE\SuiviCFCRTM\Alldata\CHENQ93.csdb not found

File C:\ENQBASE\SuiviCFCRTM\Alldata\CHENQ94.csdb not found

File C:\ENQBASE\SuiviCFCRTM\Alldata\CHENQ95.csdb not found

File C:\ENQBASE\SuiviCFCRTM\Alldata\CHENQ96.csdb not found

File C:\ENQBASE\SuiviCFCRTM\Alldata\CHENQ97.csdb not found

File C:\ENQBASE\SuiviCFCRTM\Alldata\CHENQ98.csdb not found

File C:\ENQBASE\SuiviCFCRTM\Alldata\CHENQ99.csdb not found

File C:\ENQBASE\SuiviCFCRTM\Alldata\CHENQ00.csdb not found

Unable to open file C:\ENQBASE\SuiviCFCRTM\Alldata\CHENQ00.csdb

Unable to open file C:\ENQBASE\SuiviCFCRTM\Alldata\CHENQ07.csdb

Unable to open file C:\ENQBASE\SuiviCFCRTM\Alldata\CHENQ09.csdb

Unable to open file C:\ENQBASE\SuiviCFCRTM\Alldata\CHENQ10.csdb

Unable to open file C:\ENQBASE\SuiviCFCRTM\Alldata\CHENQ12.csdb

Unable to open file C:\ENQBASE\SuiviCFCRTM\Alldata\CHENQ13.csdb

Unable to open file C:\ENQBASE\SuiviCFCRTM\Alldata\CHENQ17.csdb

Unable to open file C:\ENQBASE\SuiviCFCRTM\Alldata\CHENQ18.csdb

Unable to open file C:\ENQBASE\SuiviCFCRTM\Alldata\CHENQ22.csdb

Unable to open file C:\ENQBASE\SuiviCFCRTM\Alldata\CHENQ24.csdb

Unable to open file C:\ENQBASE\SuiviCFCRTM\Alldata\CHENQ25.csdb

Unable to open file C:\ENQBASE\SuiviCFCRTM\Alldata\CHENQ26.csdb

Unable to open file C:\ENQBASE\SuiviCFCRTM\Alldata\CHENQ27.csdb

Unable to open file C:\ENQBASE\SuiviCFCRTM\Alldata\CHENQ28.csdb

Unable to open file C:\ENQBASE\SuiviCFCRTM\Alldata\CHENQ29.csdb

Unable to open file C:\ENQBASE\SuiviCFCRTM\Alldata\CHENQ30.csdb

Unable to open file C:\ENQBASE\SuiviCFCRTM\Alldata\CHENQ32.csdb

Unable to open file C:\ENQBASE\SuiviCFCRTM\Alldata\CHENQ33.csdb

Unable to open file C:\ENQBASE\SuiviCFCRTM\Alldata\CHENQ34.csdb

Unable to open file C:\ENQBASE\SuiviCFCRTM\Alldata\CHENQ37.csdb

Unable to open file C:\ENQBASE\SuiviCFCRTM\Alldata\CHENQ38.csdb

Unable to open file C:\ENQBASE\SuiviCFCRTM\Alldata\CHENQ39.csdb

Unable to open file C:\ENQBASE\SuiviCFCRTM\Alldata\CHENQ60.csdb

Unable to open file C:\ENQBASE\SuiviCFCRTM\Alldata\CHENQ61.csdb

Unable to open file C:\ENQBASE\SuiviCFCRTM\Alldata\CHENQ62.csdb

Unable to open file C:\ENQBASE\SuiviCFCRTM\Alldata\CHENQ63.csdb

Unable to open file C:\ENQBASE\SuiviCFCRTM\Alldata\CHENQ64.csdb

Unable to open file C:\ENQBASE\SuiviCFCRTM\Alldata\CHENQ65.csdb

Unable to open file C:\ENQBASE\SuiviCFCRTM\Alldata\CHENQ66.csdb

Unable to open file C:\ENQBASE\SuiviCFCRTM\Alldata\CHENQ67.csdb

Unable to open file C:\ENQBASE\SuiviCFCRTM\Alldata\CHENQ68.csdb

Unable to open file C:\ENQBASE\SuiviCFCRTM\Alldata\CHENQ69.csdb

Unable to open file C:\ENQBASE\SuiviCFCRTM\Alldata\CHENQ70.csdb

Unable to open file C:\ENQBASE\SuiviCFCRTM\Alldata\CHENQ71.csdb

Unable to open file C:\ENQBASE\SuiviCFCRTM\Alldata\CHENQ72.csdb

Unable to open file C:\ENQBASE\SuiviCFCRTM\Alldata\CHENQ73.csdb

Unable to open file C:\ENQBASE\SuiviCFCRTM\Alldata\CHENQ74.csdb

Unable to open file C:\ENQBASE\SuiviCFCRTM\Alldata\CHENQ75.csdb

Unable to open file C:\ENQBASE\SuiviCFCRTM\Alldata\CHENQ76.csdb

Unable to open file C:\ENQBASE\SuiviCFCRTM\Alldata\CHENQ77.csdb

Unable to open file C:\ENQBASE\SuiviCFCRTM\Alldata\CHENQ78.csdb

Unable to open file C:\ENQBASE\SuiviCFCRTM\Alldata\CHENQ79.csdb

Unable to open file C:\ENQBASE\SuiviCFCRTM\Alldata\CHENQ80.csdb

Unable to open file C:\ENQBASE\SuiviCFCRTM\Alldata\CHENQ81.csdb

Unable to open file C:\ENQBASE\SuiviCFCRTM\Alldata\CHENQ82.csdb

Unable to open file C:\ENQBASE\SuiviCFCRTM\Alldata\CHENQ83.csdb

Unable to open file C:\ENQBASE\SuiviCFCRTM\Alldata\CHENQ84.csdb

Unable to open file C:\ENQBASE\SuiviCFCRTM\Alldata\CHENQ85.csdb

Unable to open file C:\ENQBASE\SuiviCFCRTM\Alldata\CHENQ86.csdb

Unable to open file C:\ENQBASE\SuiviCFCRTM\Alldata\CHENQ88.csdb

Unable to open file C:\ENQBASE\SuiviCFCRTM\Alldata\CHENQ90.csdb

Unable to open file C:\ENQBASE\SuiviCFCRTM\Alldata\CHENQ91.csdb

Unable to open file C:\ENQBASE\SuiviCFCRTM\Alldata\CHENQ92.csdb

Unable to open file C:\ENQBASE\SuiviCFCRTM\Alldata\CHENQ93.csdb

Unable to open file C:\ENQBASE\SuiviCFCRTM\Alldata\CHENQ94.csdb

Unable to open file C:\ENQBASE\SuiviCFCRTM\Alldata\CHENQ95.csdb

Unable to open file C:\ENQBASE\SuiviCFCRTM\Alldata\CHENQ96.csdb

Unable to open file C:\ENQBASE\SuiviCFCRTM\Alldata\CHENQ97.csdb

Unable to open file C:\ENQBASE\SuiviCFCRTM\Alldata\CHENQ98.csdb

Unable to open file C:\ENQBASE\SuiviCFCRTM\Alldata\CHENQ99.csdb

Unable to open file C:\ENQBASE\SuiviCFCRTM\Alldata\CHENQ00.csdb

