Application     C:\QUESTIONNAIRE MENAGE ROUGEOLE - exportation\Entry\Interviewer.ent
Type            ENTRY
Input Data      <<CSPro DB>> C:\QUESTIONNAIRE MENAGE ROUGEOLE - exportation\Dicts\Interview.csdb
External        QUESTIONNAIRE_MENAGE_DICT=<<CSPro DB>> C:\QUESTIONNAIRE MENAGE ROUGEOLE - exportation\DataDrpbx\CCR.csdb

Date            Feb 14, 2020
Start Time      00:17:42
End Time        00:17:44

CSPRO Process Summary

CSPRO Executor Normal End
------------------------------------------------------------------------------------------------------------------------
Application     C:\QUESTIONNAIRE MENAGE ROUGEOLE - exportation\Entry\Interviewer.ent
Type            ENTRY
Input Data      <<CSPro DB>> C:\QUESTIONNAIRE MENAGE ROUGEOLE - exportation\Dicts\Interview.csdb
External        QUESTIONNAIRE_MENAGE_DICT=<<CSPro DB>> C:\QUESTIONNAIRE MENAGE ROUGEOLE - exportation\DataDrpbx\CCR.csdb

Date            Feb 14, 2020
Start Time      00:18:51
End Time        00:18:53

CSPRO Process Summary

CSPRO Executor Normal End
------------------------------------------------------------------------------------------------------------------------
Application     C:\QUESTIONNAIRE MENAGE ROUGEOLE - exportation\Entry\Interviewer.ent
Type            ENTRY
Input Data      <<CSPro DB>> C:\QUESTIONNAIRE MENAGE ROUGEOLE - exportation\Dicts\Interview.csdb
External        QUESTIONNAIRE_MENAGE_DICT=<<CSPro DB>> C:\QUESTIONNAIRE MENAGE ROUGEOLE - exportation\DataDrpbx\CCR.csdb

Date            Feb 14, 2020
Start Time      00:35:12
End Time        00:35:35

CSPRO Process Summary

CSPRO Executor Normal End
------------------------------------------------------------------------------------------------------------------------
Application     C:\QUESTIONNAIRE MENAGE ROUGEOLE - exportation\Entry\Interviewer.ent
Type            ENTRY
Input Data      <<CSPro DB>> C:\QUESTIONNAIRE MENAGE ROUGEOLE - exportation\Dicts\Interview.csdb
External        QUESTIONNAIRE_MENAGE_DICT=<<CSPro DB>> C:\QUESTIONNAIRE MENAGE ROUGEOLE - exportation\DataDrpbx\CCR.csdb

Date            Feb 14, 2020
Start Time      00:35:59
End Time        00:36:13

CSPRO Process Summary

System messages:

 Number    Frequency   Message text
 ------    ---------   ------------
  99990            1   Operator entered a value out of range                                                 

CSPRO Executor Normal End
------------------------------------------------------------------------------------------------------------------------
Application     C:\QUESTIONNAIRE MENAGE ROUGEOLE - exportation\Entry\Interviewer.ent
Type            ENTRY
Input Data      <<CSPro DB>> C:\QUESTIONNAIRE MENAGE ROUGEOLE - exportation\Dicts\Interview.csdb
External        QUESTIONNAIRE_MENAGE_DICT=<<CSPro DB>> C:\QUESTIONNAIRE MENAGE ROUGEOLE - exportation\DataDrpbx\CCR.csdb

Date            Feb 14, 2020
Start Time      00:36:49
End Time        00:36:53

CSPRO Process Summary

CSPRO Executor Normal End
------------------------------------------------------------------------------------------------------------------------
Application     C:\QUESTIONNAIRE MENAGE ROUGEOLE - exportation\Entry\Interviewer.ent
Type            ENTRY
Input Data      <<CSPro DB>> C:\QUESTIONNAIRE MENAGE ROUGEOLE - exportation\Dicts\Interview.csdb
External        QUESTIONNAIRE_MENAGE_DICT=<<CSPro DB>> C:\QUESTIONNAIRE MENAGE ROUGEOLE - exportation\DataDrpbx\CCR.csdb

Date            Feb 14, 2020
Start Time      00:41:56
End Time        00:42:09

CSPRO Process Summary

System messages:

 Number    Frequency   Message text
 ------    ---------   ------------
  99990            2   Operator entered a value out of range                                                 

CSPRO Executor Normal End
------------------------------------------------------------------------------------------------------------------------
Application     C:\QUESTIONNAIRE MENAGE ROUGEOLE - exportation\Entry\Interviewer.ent
Type            ENTRY
Input Data      <<CSPro DB>> C:\QUESTIONNAIRE MENAGE ROUGEOLE - exportation\Dicts\Interview.csdb
External        QUESTIONNAIRE_MENAGE_DICT=<<CSPro DB>> C:\QUESTIONNAIRE MENAGE ROUGEOLE - exportation\DataDrpbx\CCR.csdb

Date            Feb 14, 2020
Start Time      00:43:32
End Time        00:43:46

CSPRO Process Summary

CSPRO Executor Normal End
------------------------------------------------------------------------------------------------------------------------
Application     C:\QUESTIONNAIRE MENAGE ROUGEOLE - exportation\Entry\Interviewer.ent
Type            ENTRY
Input Data      <<CSPro DB>> C:\QUESTIONNAIRE MENAGE ROUGEOLE - exportation\Dicts\Interview.csdb
External        QUESTIONNAIRE_MENAGE_DICT=<<CSPro DB>> C:\QUESTIONNAIRE MENAGE ROUGEOLE - exportation\DataDrpbx\CCR.csdb

Date            Feb 14, 2020
Start Time      00:46:47
End Time        00:46:54

CSPRO Process Summary

CSPRO Executor Normal End
------------------------------------------------------------------------------------------------------------------------
Application     C:\QUESTIONNAIRE MENAGE ROUGEOLE - exportation\Entry\Interviewer.ent
Type            ENTRY
Input Data      <<CSPro DB>> C:\QUESTIONNAIRE MENAGE ROUGEOLE - exportation\Dicts\Interview.csdb
External        QUESTIONNAIRE_MENAGE_DICT=<<CSPro DB>> C:\QUESTIONNAIRE MENAGE ROUGEOLE - exportation\DataDrpbx\CCR.csdb

Date            Feb 14, 2020
Start Time      00:48:01
End Time        00:48:05

CSPRO Process Summary

CSPRO Executor Normal End
------------------------------------------------------------------------------------------------------------------------
Application     C:\QUESTIONNAIRE MENAGE ROUGEOLE - exportation\Entry\Interviewer.ent
Type            ENTRY
Input Data      <<CSPro DB>> C:\QUESTIONNAIRE MENAGE ROUGEOLE - exportation\Dicts\Interview.csdb
External        QUESTIONNAIRE_MENAGE_DICT=<<CSPro DB>> C:\QUESTIONNAIRE MENAGE ROUGEOLE - exportation\DataDrpbx\CCR.csdb

Date            Feb 14, 2020
Start Time      02:14:46
End Time        02:14:55

CSPRO Process Summary

CSPRO Executor Normal End
------------------------------------------------------------------------------------------------------------------------
Application     C:\QUESTIONNAIRE MENAGE ROUGEOLE - exportation\Entry\Interviewer.ent
Type            ENTRY
Input Data      <<CSPro DB>> C:\QUESTIONNAIRE MENAGE ROUGEOLE - exportation\Dicts\Interview.csdb
External        QUESTIONNAIRE_MENAGE_DICT=<<CSPro DB>> C:\QUESTIONNAIRE MENAGE ROUGEOLE - exportation\DataDrpbx\CCR.csdb

Date            Feb 14, 2020
Start Time      02:15:07
End Time        02:15:09

CSPRO Process Summary

CSPRO Executor Normal End
------------------------------------------------------------------------------------------------------------------------
Application     C:\QUESTIONNAIRE MENAGE ROUGEOLE - exportation\Entry\Interviewer.ent
Type            ENTRY
Input Data      <<CSPro DB>> C:\QUESTIONNAIRE MENAGE ROUGEOLE - exportation\Dicts\Interview.csdb
External        QUESTIONNAIRE_MENAGE_DICT=<<CSPro DB>> C:\QUESTIONNAIRE MENAGE ROUGEOLE - exportation\DataDrpbx\CCR.csdb

Date            Feb 14, 2020
Start Time      02:48:58
End Time        02:49:14

CSPRO Process Summary

System messages:

 Number    Frequency   Message text
 ------    ---------   ------------
  99990            1   Operator entered a value out of range                                                 

CSPRO Executor Normal End
------------------------------------------------------------------------------------------------------------------------
Application     C:\QUESTIONNAIRE MENAGE ROUGEOLE - exportation\Entry\Interviewer.ent
Type            ENTRY
Input Data      <<CSPro DB>> C:\QUESTIONNAIRE MENAGE ROUGEOLE - exportation\Dicts\Interview.csdb
External        QUESTIONNAIRE_MENAGE_DICT=<<CSPro DB>> C:\QUESTIONNAIRE MENAGE ROUGEOLE - exportation\DataDrpbx\CCR.csdb

Date            Feb 14, 2020
Start Time      02:51:02
End Time        02:51:14

CSPRO Process Summary

CSPRO Executor Normal End
------------------------------------------------------------------------------------------------------------------------
Application     C:\QUESTIONNAIRE MENAGE ROUGEOLE - exportation\Entry\Interviewer.ent
Type            ENTRY
Input Data      <<CSPro DB>> C:\QUESTIONNAIRE MENAGE ROUGEOLE - exportation\Dicts\Interview.csdb
External        QUESTIONNAIRE_MENAGE_DICT=<<CSPro DB>> C:\QUESTIONNAIRE MENAGE ROUGEOLE - exportation\DataDrpbx\CCR.csdb

Date            Feb 14, 2020
Start Time      02:52:25
End Time        02:52:40

CSPRO Process Summary

User unnumbered messages:

   Line    Freq  Pct.  Message text                                                                                Denom
   ----    ----  ----  ------------                                                                                -----
     22       1    -   code=%s                                                                                         -

CSPRO Executor Normal End
------------------------------------------------------------------------------------------------------------------------
Application     C:\QUESTIONNAIRE MENAGE ROUGEOLE - exportation\Entry\Interviewer.ent
Type            ENTRY
Input Data      <<CSPro DB>> C:\QUESTIONNAIRE MENAGE ROUGEOLE - exportation\Dicts\Interview.csdb
External        QUESTIONNAIRE_MENAGE_DICT=<<CSPro DB>> C:\QUESTIONNAIRE MENAGE ROUGEOLE - exportation\DataDrpbx\CCR.csdb

Date            Feb 14, 2020
Start Time      03:00:38
End Time        03:00:50

CSPRO Process Summary

System messages:

 Number    Frequency   Message text
 ------    ---------   ------------
  99990            1   Operator entered a value out of range                                                 

User unnumbered messages:

   Line    Freq  Pct.  Message text                                                                                Denom
   ----    ----  ----  ------------                                                                                -----
     23       1    -   code=%d                                                                                         -

CSPRO Executor Normal End
------------------------------------------------------------------------------------------------------------------------
Application     C:\QUESTIONNAIRE MENAGE ROUGEOLE - exportation\Entry\Interviewer.ent
Type            ENTRY
Input Data      <<CSPro DB>> C:\QUESTIONNAIRE MENAGE ROUGEOLE - exportation\Dicts\Interview.csdb
External        QUESTIONNAIRE_MENAGE_DICT=<<CSPro DB>> C:\QUESTIONNAIRE MENAGE ROUGEOLE - exportation\DataDrpbx\CCR.csdb

Date            Feb 14, 2020
Start Time      03:02:03
End Time        03:02:19

CSPRO Process Summary

System messages:

 Number    Frequency   Message text
 ------    ---------   ------------
  99990            2   Operator entered a value out of range                                                 

User unnumbered messages:

   Line    Freq  Pct.  Message text                                                                                Denom
   ----    ----  ----  ------------                                                                                -----
     23       1    -   code=%d                                                                                         -

CSPRO Executor Normal End
------------------------------------------------------------------------------------------------------------------------
Application     C:\QUESTIONNAIRE MENAGE ROUGEOLE - exportation\Entry\Interviewer.ent
Type            ENTRY
Input Data      <<CSPro DB>> C:\QUESTIONNAIRE MENAGE ROUGEOLE - exportation\Dicts\Interview.csdb
External        QUESTIONNAIRE_MENAGE_DICT=<<CSPro DB>> C:\QUESTIONNAIRE MENAGE ROUGEOLE - exportation\DataDrpbx\CCR.csdb

Date            Feb 14, 2020
Start Time      03:02:44
End Time        03:02:53

CSPRO Process Summary

User unnumbered messages:

   Line    Freq  Pct.  Message text                                                                                Denom
   ----    ----  ----  ------------                                                                                -----
     23       1    -   code=%d                                                                                         -

CSPRO Executor Normal End
------------------------------------------------------------------------------------------------------------------------
Application     C:\QUESTIONNAIRE MENAGE ROUGEOLE - exportation\Entry\Interviewer.ent
Type            ENTRY
Input Data      <<CSPro DB>> C:\QUESTIONNAIRE MENAGE ROUGEOLE - exportation\Dicts\Interview.csdb
External        QUESTIONNAIRE_MENAGE_DICT=<<CSPro DB>> C:\QUESTIONNAIRE MENAGE ROUGEOLE - exportation\DataDrpbx\CCR.csdb

Date            Feb 14, 2020
Start Time      03:03:48
End Time        03:03:58

CSPRO Process Summary

User unnumbered messages:

   Line    Freq  Pct.  Message text                                                                                Denom
   ----    ----  ----  ------------                                                                                -----
     23       1    -   code=%d                                                                                         -

CSPRO Executor Normal End
------------------------------------------------------------------------------------------------------------------------
Application     C:\QUESTIONNAIRE MENAGE ROUGEOLE - exportation\Entry\Interviewer.ent
Type            ENTRY
Input Data      <<CSPro DB>> C:\QUESTIONNAIRE MENAGE ROUGEOLE - exportation\Dicts\Interview.csdb
External        QUESTIONNAIRE_MENAGE_DICT=<<CSPro DB>> C:\QUESTIONNAIRE MENAGE ROUGEOLE - exportation\DataDrpbx\CCR.csdb

Date            Feb 14, 2020
Start Time      03:07:28
End Time        03:07:43

CSPRO Process Summary

System messages:

 Number    Frequency   Message text
 ------    ---------   ------------
  99990            1   Operator entered a value out of range                                                 

User unnumbered messages:

   Line    Freq  Pct.  Message text                                                                                Denom
   ----    ----  ----  ------------                                                                                -----
     23       1    -   code=%d                                                                                         -

CSPRO Executor Normal End
------------------------------------------------------------------------------------------------------------------------
Application     C:\QUESTIONNAIRE MENAGE ROUGEOLE - exportation\Entry\Interviewer.ent
Type            ENTRY
Input Data      <<CSPro DB>> C:\QUESTIONNAIRE MENAGE ROUGEOLE - exportation\Dicts\Interview.csdb
External        QUESTIONNAIRE_MENAGE_DICT=<<CSPro DB>> C:\QUESTIONNAIRE MENAGE ROUGEOLE - exportation\DataDrpbx\CCR.csdb

Date            Feb 14, 2020
Start Time      03:09:05
End Time        03:09:15

CSPRO Process Summary

User unnumbered messages:

   Line    Freq  Pct.  Message text                                                                                Denom
   ----    ----  ----  ------------                                                                                -----
     24       1    -   code=%s                                                                                         -

CSPRO Executor Normal End
------------------------------------------------------------------------------------------------------------------------
Application     C:\QUESTIONNAIRE MENAGE ROUGEOLE - exportation\Entry\Interviewer.ent
Type            ENTRY
Input Data      <<CSPro DB>> C:\QUESTIONNAIRE MENAGE ROUGEOLE - exportation\Dicts\Interview.csdb
External        QUESTIONNAIRE_MENAGE_DICT=<<CSPro DB>> C:\QUESTIONNAIRE MENAGE ROUGEOLE - exportation\DataDrpbx\CCR.csdb

Date            Feb 17, 2020
Start Time      01:12:09
End Time        01:12:24

CSPRO Process Summary

User unnumbered messages:

   Line    Freq  Pct.  Message text                                                                                Denom
   ----    ----  ----  ------------                                                                                -----
     24       1    -   code=%s                                                                                         -

CSPRO Executor Normal End
------------------------------------------------------------------------------------------------------------------------
Application     C:\QUESTIONNAIRE MENAGE ROUGEOLE - exportation\Entry\Interviewer.ent
Type            ENTRY
Input Data      <<CSPro DB>> C:\QUESTIONNAIRE MENAGE ROUGEOLE - exportation\Dicts\Interview.csdb
External        QUESTIONNAIRE_MENAGE_DICT=<<CSPro DB>> C:\QUESTIONNAIRE MENAGE ROUGEOLE - exportation\DataDrpbx\CCR.csdb

Date            Feb 17, 2020
Start Time      01:14:00
End Time        01:14:13

CSPRO Process Summary

User unnumbered messages:

   Line    Freq  Pct.  Message text                                                                                Denom
   ----    ----  ----  ------------                                                                                -----
     24       1    -   code=%s                                                                                         -

CSPRO Executor Normal End
------------------------------------------------------------------------------------------------------------------------
Application     C:\QUESTIONNAIRE MENAGE ROUGEOLE - exportation\Entry\Interviewer.ent
Type            ENTRY
Input Data      <<CSPro DB>> C:\QUESTIONNAIRE MENAGE ROUGEOLE - exportation\Dicts\Interview.csdb
External        QUESTIONNAIRE_MENAGE_DICT=<<CSPro DB>> C:\QUESTIONNAIRE MENAGE ROUGEOLE - exportation\DataDrpbx\CCR.csdb

Date            Feb 17, 2020
Start Time      01:14:33
End Time        01:14:35

CSPRO Process Summary

CSPRO Executor Normal End
------------------------------------------------------------------------------------------------------------------------
Application     C:\QUESTIONNAIRE MENAGE ROUGEOLE - exportation\Entry\Interviewer.ent
Type            ENTRY
Input Data      <<CSPro DB>> C:\QUESTIONNAIRE MENAGE ROUGEOLE - exportation\Dicts\Interview.csdb
External        QUESTIONNAIRE_MENAGE_DICT=<<CSPro DB>> C:\QUESTIONNAIRE MENAGE ROUGEOLE - exportation\DataDrpbx\CCR.csdb

Date            Feb 17, 2020
Start Time      01:15:45
End Time        01:15:55

CSPRO Process Summary

User unnumbered messages:

   Line    Freq  Pct.  Message text                                                                                Denom
   ----    ----  ----  ------------                                                                                -----
     24       1    -   code=%s                                                                                         -

CSPRO Executor Normal End
------------------------------------------------------------------------------------------------------------------------
Application     C:\QUESTIONNAIRE MENAGE ROUGEOLE - exportation\Entry\Interviewer.ent
Type            ENTRY
Input Data      <<CSPro DB>> C:\QUESTIONNAIRE MENAGE ROUGEOLE - exportation\Dicts\Interview.csdb
External        QUESTIONNAIRE_MENAGE_DICT=<<CSPro DB>> C:\QUESTIONNAIRE MENAGE ROUGEOLE - exportation\DataDrpbx\CCR.csdb

Date            Feb 17, 2020
Start Time      01:16:16
End Time        01:16:18

CSPRO Process Summary

CSPRO Executor Normal End
------------------------------------------------------------------------------------------------------------------------
Application     C:\QUESTIONNAIRE MENAGE ROUGEOLE - exportation\Entry\Interviewer.ent
Type            ENTRY
Input Data      <<CSPro DB>> C:\QUESTIONNAIRE MENAGE ROUGEOLE - exportation\Dicts\Interview.csdb
External        QUESTIONNAIRE_MENAGE_DICT=<<CSPro DB>> C:\QUESTIONNAIRE MENAGE ROUGEOLE - exportation\DataDrpbx\CCR.csdb

Date            Feb 17, 2020
Start Time      01:21:04
End Time        01:21:33

CSPRO Process Summary

User unnumbered messages:

   Line    Freq  Pct.  Message text                                                                                Denom
   ----    ----  ----  ------------                                                                                -----
     24       2    -   code=%s                                                                                         -

CSPRO Executor Normal End
------------------------------------------------------------------------------------------------------------------------
Application     C:\QUESTIONNAIRE MENAGE ROUGEOLE - exportation\Entry\Interviewer.ent
Type            ENTRY
Input Data      <<CSPro DB>> C:\QUESTIONNAIRE MENAGE ROUGEOLE - exportation\Dicts\Interview.csdb
External        QUESTIONNAIRE_MENAGE_DICT=<<CSPro DB>> C:\QUESTIONNAIRE MENAGE ROUGEOLE - exportation\DataDrpbx\CCR.csdb

Date            Feb 17, 2020
Start Time      01:21:58
End Time        01:22:00

CSPRO Process Summary

CSPRO Executor Normal End
------------------------------------------------------------------------------------------------------------------------
Application     C:\QUESTIONNAIRE MENAGE ROUGEOLE - exportation\Entry\Interviewer.ent
Type            ENTRY
Input Data      <<CSPro DB>> C:\QUESTIONNAIRE MENAGE ROUGEOLE - exportation\Dicts\Interview.csdb
External        QUESTIONNAIRE_MENAGE_DICT=<<CSPro DB>> C:\QUESTIONNAIRE MENAGE ROUGEOLE - exportation\DataDrpbx\CCR.csdb

Date            Feb 17, 2020
Start Time      18:39:07
End Time        18:39:16

CSPRO Process Summary

User unnumbered messages:

   Line    Freq  Pct.  Message text                                                                                Denom
   ----    ----  ----  ------------                                                                                -----
     24       1    -   code=%s                                                                                         -

CSPRO Executor Normal End
------------------------------------------------------------------------------------------------------------------------
Application     C:\QUESTIONNAIRE MENAGE ROUGEOLE - exportation\Entry\Interviewer.ent
Type            ENTRY
Input Data      <<CSPro DB>> C:\QUESTIONNAIRE MENAGE ROUGEOLE - exportation\Dicts\Interview.csdb
External        QUESTIONNAIRE_MENAGE_DICT=<<CSPro DB>> C:\QUESTIONNAIRE MENAGE ROUGEOLE - exportation\DataDrpbx\CCR.csdb

Date            Feb 17, 2020
Start Time      18:39:23
End Time        18:39:24

CSPRO Process Summary

CSPRO Executor Normal End
------------------------------------------------------------------------------------------------------------------------
Application     C:\QUESTIONNAIRE MENAGE ROUGEOLE - exportation\Entry\Interviewer.ent
Type            ENTRY
Input Data      <<CSPro DB>> C:\QUESTIONNAIRE MENAGE ROUGEOLE - exportation\Dicts\Interview.csdb
External        QUESTIONNAIRE_MENAGE_DICT=<<CSPro DB>> C:\QUESTIONNAIRE MENAGE ROUGEOLE - exportation\DataDrpbx\CCR.csdb

Date            Feb 17, 2020
Start Time      18:41:03
End Time        18:41:15

CSPRO Process Summary

User unnumbered messages:

   Line    Freq  Pct.  Message text                                                                                Denom
   ----    ----  ----  ------------                                                                                -----
     24       1    -   code=%s                                                                                         -

CSPRO Executor Normal End
------------------------------------------------------------------------------------------------------------------------
Application     C:\QUESTIONNAIRE MENAGE ROUGEOLE - exportation\Entry\Interviewer.ent
Type            ENTRY
Input Data      <<CSPro DB>> C:\QUESTIONNAIRE MENAGE ROUGEOLE - exportation\Dicts\Interview.csdb
External        QUESTIONNAIRE_MENAGE_DICT=<<CSPro DB>> C:\QUESTIONNAIRE MENAGE ROUGEOLE - exportation\DataDrpbx\CCR.csdb

Date            Feb 17, 2020
Start Time      18:41:24
End Time        18:41:25

CSPRO Process Summary

CSPRO Executor Normal End
------------------------------------------------------------------------------------------------------------------------
Application     C:\QUESTIONNAIRE MENAGE ROUGEOLE - exportation\Entry\Interviewer.ent
Type            ENTRY
Input Data      <<CSPro DB>> C:\QUESTIONNAIRE MENAGE ROUGEOLE - exportation\Dicts\Interview.csdb
External        QUESTIONNAIRE_MENAGE_DICT=<<CSPro DB>> C:\QUESTIONNAIRE MENAGE ROUGEOLE - exportation\DataDrpbx\CCR.csdb

Date            Feb 17, 2020
Start Time      18:44:40
End Time        18:44:44

CSPRO Process Summary

CSPRO Executor Normal End
------------------------------------------------------------------------------------------------------------------------
Application     C:\QUESTIONNAIRE MENAGE ROUGEOLE - exportation\Entry\Interviewer.ent
Type            ENTRY
Input Data      <<CSPro DB>> C:\QUESTIONNAIRE MENAGE ROUGEOLE - exportation\Dicts\Interview.csdb
External        QUESTIONNAIRE_MENAGE_DICT=<<CSPro DB>> C:\QUESTIONNAIRE MENAGE ROUGEOLE - exportation\DataDrpbx\CCR.csdb

Date            Feb 17, 2020
Start Time      18:48:11
End Time        18:48:22

CSPRO Process Summary

User unnumbered messages:

   Line    Freq  Pct.  Message text                                                                                Denom
   ----    ----  ----  ------------                                                                                -----
     31       1    -   code=%s                                                                                         -

CSPRO Executor Normal End
------------------------------------------------------------------------------------------------------------------------
Application     C:\QUESTIONNAIRE MENAGE ROUGEOLE - exportation\Entry\Interviewer.ent
Type            ENTRY
Input Data      <<CSPro DB>> C:\QUESTIONNAIRE MENAGE ROUGEOLE - exportation\Dicts\Interview.csdb
External        QUESTIONNAIRE_MENAGE_DICT=<<CSPro DB>> C:\QUESTIONNAIRE MENAGE ROUGEOLE - exportation\DataDrpbx\CCR.csdb

Date            Feb 17, 2020
Start Time      18:49:41
End Time        18:49:48

CSPRO Process Summary

User unnumbered messages:

   Line    Freq  Pct.  Message text                                                                                Denom
   ----    ----  ----  ------------                                                                                -----
     30       1    -   code=%s                                                                                         -

CSPRO Executor Normal End
------------------------------------------------------------------------------------------------------------------------
Application     C:\QUESTIONNAIRE MENAGE ROUGEOLE - exportation\Entry\Interviewer.ent
Type            ENTRY
Input Data      <<CSPro DB>> C:\QUESTIONNAIRE MENAGE ROUGEOLE - exportation\Dicts\Interview.csdb
External        QUESTIONNAIRE_MENAGE_DICT=<<CSPro DB>> C:\QUESTIONNAIRE MENAGE ROUGEOLE - exportation\DataDrpbx\CCR.csdb

Date            Feb 17, 2020
Start Time      18:52:55
End Time        18:53:02

CSPRO Process Summary

User unnumbered messages:

   Line    Freq  Pct.  Message text                                                                                Denom
   ----    ----  ----  ------------                                                                                -----
     30       1    -   code=%s                                                                                         -

CSPRO Executor Normal End
------------------------------------------------------------------------------------------------------------------------
Application     C:\QUESTIONNAIRE MENAGE ROUGEOLE - exportation\Entry\Interviewer.ent
Type            ENTRY
Input Data      <<CSPro DB>> C:\QUESTIONNAIRE MENAGE ROUGEOLE - exportation\Dicts\Interview.csdb
External        QUESTIONNAIRE_MENAGE_DICT=<<CSPro DB>> C:\QUESTIONNAIRE MENAGE ROUGEOLE - exportation\DataDrpbx\CCR.csdb

Date            Feb 17, 2020
Start Time      18:53:21
End Time        18:53:22

CSPRO Process Summary

CSPRO Executor Normal End
------------------------------------------------------------------------------------------------------------------------
Application     C:\QUESTIONNAIRE MENAGE ROUGEOLE - exportation\Entry\Interviewer.ent
Type            ENTRY
Input Data      <<CSPro DB>> C:\QUESTIONNAIRE MENAGE ROUGEOLE - exportation\Dicts\Interview.csdb
External        QUESTIONNAIRE_MENAGE_DICT=<<CSPro DB>> C:\QUESTIONNAIRE MENAGE ROUGEOLE - exportation\DataDrpbx\CCR.csdb

Date            Feb 17, 2020
Start Time      18:53:41
End Time        18:53:50

CSPRO Process Summary

User unnumbered messages:

   Line    Freq  Pct.  Message text                                                                                Denom
   ----    ----  ----  ------------                                                                                -----
     30       1    -   code=%s                                                                                         -

CSPRO Executor Normal End
------------------------------------------------------------------------------------------------------------------------
Application     C:\QUESTIONNAIRE MENAGE ROUGEOLE - exportation\Entry\Interviewer.ent
Type            ENTRY
Input Data      <<CSPro DB>> C:\QUESTIONNAIRE MENAGE ROUGEOLE - exportation\Dicts\Interview.csdb
External        QUESTIONNAIRE_MENAGE_DICT=<<CSPro DB>> C:\QUESTIONNAIRE MENAGE ROUGEOLE - exportation\DataDrpbx\CCR.csdb

Date            Feb 17, 2020
Start Time      18:54:01
End Time        18:54:03

CSPRO Process Summary

CSPRO Executor Normal End
------------------------------------------------------------------------------------------------------------------------
Application     C:\QUESTIONNAIRE MENAGE ROUGEOLE - exportation\Entry\Interviewer.ent
Type            ENTRY
Input Data      <<CSPro DB>> C:\QUESTIONNAIRE MENAGE ROUGEOLE - exportation\Dicts\Interview.csdb
External        QUESTIONNAIRE_MENAGE_DICT=<<CSPro DB>> C:\QUESTIONNAIRE MENAGE ROUGEOLE - exportation\DataDrpbx\CCR.csdb

Date            Feb 17, 2020
Start Time      18:58:39
End Time        18:58:50

CSPRO Process Summary

User unnumbered messages:

   Line    Freq  Pct.  Message text                                                                                Denom
   ----    ----  ----  ------------                                                                                -----
     30       1    -   code=%s                                                                                         -

CSPRO Executor Normal End
------------------------------------------------------------------------------------------------------------------------
Application     C:\QUESTIONNAIRE MENAGE ROUGEOLE - exportation\Entry\Interviewer.ent
Type            ENTRY
Input Data      <<CSPro DB>> C:\QUESTIONNAIRE MENAGE ROUGEOLE - exportation\Dicts\Interview.csdb
External        QUESTIONNAIRE_MENAGE_DICT=<<CSPro DB>> C:\QUESTIONNAIRE MENAGE ROUGEOLE - exportation\DataDrpbx\CCR.csdb

Date            Feb 17, 2020
Start Time      18:58:55
End Time        18:58:58

CSPRO Process Summary

CSPRO Executor Normal End
------------------------------------------------------------------------------------------------------------------------
Application     C:\QUESTIONNAIRE MENAGE ROUGEOLE - exportation\Entry\Interviewer.ent
Type            ENTRY
Input Data      <<CSPro DB>> C:\QUESTIONNAIRE MENAGE ROUGEOLE - exportation\Dicts\Interview.csdb
External        QUESTIONNAIRE_MENAGE_DICT=<<CSPro DB>> C:\QUESTIONNAIRE MENAGE ROUGEOLE - exportation\DataDrpbx\CCR.csdb

Date            Feb 17, 2020
Start Time      18:59:51
End Time        19:00:03

CSPRO Process Summary

System messages:

 Number    Frequency   Message text
 ------    ---------   ------------
  99990            1   Operator entered a value out of range                                                 

User unnumbered messages:

   Line    Freq  Pct.  Message text                                                                                Denom
   ----    ----  ----  ------------                                                                                -----
     30       1    -   code=%s                                                                                         -

CSPRO Executor Normal End
------------------------------------------------------------------------------------------------------------------------
Application     C:\QUESTIONNAIRE MENAGE ROUGEOLE - exportation\Entry\Interviewer.ent
Type            ENTRY
Input Data      <<CSPro DB>> C:\QUESTIONNAIRE MENAGE ROUGEOLE - exportation\Dicts\Interview.csdb
External        QUESTIONNAIRE_MENAGE_DICT=<<CSPro DB>> C:\QUESTIONNAIRE MENAGE ROUGEOLE - exportation\DataDrpbx\CCR.csdb

Date            Feb 17, 2020
Start Time      19:00:08
End Time        19:00:10

CSPRO Process Summary

CSPRO Executor Normal End
------------------------------------------------------------------------------------------------------------------------
Application     C:\QUESTIONNAIRE MENAGE ROUGEOLE - exportation\Entry\Interviewer.ent
Type            ENTRY
Input Data      <<CSPro DB>> C:\QUESTIONNAIRE MENAGE ROUGEOLE - exportation\Dicts\Interview.csdb
External        QUESTIONNAIRE_MENAGE_DICT=<<CSPro DB>> C:\QUESTIONNAIRE MENAGE ROUGEOLE - exportation\DataDrpbx\CCR.csdb

Date            Feb 17, 2020
Start Time      19:01:27
End Time        19:01:43

CSPRO Process Summary

System messages:

 Number    Frequency   Message text
 ------    ---------   ------------
  99990            1   Operator entered a value out of range                                                 

User unnumbered messages:

   Line    Freq  Pct.  Message text                                                                                Denom
   ----    ----  ----  ------------                                                                                -----
     30       1    -   code=%s                                                                                         -

CSPRO Executor Normal End
------------------------------------------------------------------------------------------------------------------------
Application     C:\QUESTIONNAIRE MENAGE ROUGEOLE - exportation\Entry\Interviewer.ent
Type            ENTRY
Input Data      <<CSPro DB>> C:\QUESTIONNAIRE MENAGE ROUGEOLE - exportation\Dicts\Interview.csdb
External        QUESTIONNAIRE_MENAGE_DICT=<<CSPro DB>> C:\QUESTIONNAIRE MENAGE ROUGEOLE - exportation\DataDrpbx\CCR.csdb

Date            Feb 17, 2020
Start Time      19:01:47
End Time        19:01:48

CSPRO Process Summary

CSPRO Executor Normal End
------------------------------------------------------------------------------------------------------------------------
Application     C:\QUESTIONNAIRE MENAGE ROUGEOLE - exportation\Entry\Interviewer.ent
Type            ENTRY
Input Data      <<CSPro DB>> C:\QUESTIONNAIRE MENAGE ROUGEOLE - exportation\Dicts\Interview.csdb
External        QUESTIONNAIRE_MENAGE_DICT=<<CSPro DB>> C:\QUESTIONNAIRE MENAGE ROUGEOLE - exportation\DataDrpbx\CCR.csdb

Date            Feb 17, 2020
Start Time      19:02:16
End Time        19:02:27

CSPRO Process Summary

User unnumbered messages:

   Line    Freq  Pct.  Message text                                                                                Denom
   ----    ----  ----  ------------                                                                                -----
     30       1    -   code=%s                                                                                         -

CSPRO Executor Normal End
------------------------------------------------------------------------------------------------------------------------
Application     C:\QUESTIONNAIRE MENAGE ROUGEOLE - exportation\Entry\Interviewer.ent
Type            ENTRY
Input Data      <<CSPro DB>> C:\QUESTIONNAIRE MENAGE ROUGEOLE - exportation\Dicts\Interview.csdb
External        QUESTIONNAIRE_MENAGE_DICT=<<CSPro DB>> C:\QUESTIONNAIRE MENAGE ROUGEOLE - exportation\DataDrpbx\CCR.csdb

Date            Feb 17, 2020
Start Time      19:02:30
End Time        19:02:32

CSPRO Process Summary

CSPRO Executor Normal End
------------------------------------------------------------------------------------------------------------------------
Application     C:\QUESTIONNAIRE MENAGE ROUGEOLE - exportation\Entry\Interviewer.ent
Type            ENTRY
Input Data      <<CSPro DB>> C:\QUESTIONNAIRE MENAGE ROUGEOLE - exportation\Dicts\Interview.csdb
External        QUESTIONNAIRE_MENAGE_DICT=<<CSPro DB>> C:\QUESTIONNAIRE MENAGE ROUGEOLE - exportation\DataDrpbx\CCR.csdb

Date            Feb 18, 2020
Start Time      23:22:46
End Time        23:22:56

CSPRO Process Summary

User unnumbered messages:

   Line    Freq  Pct.  Message text                                                                                Denom
   ----    ----  ----  ------------                                                                                -----
     30       1    -   code=%s                                                                                         -

CSPRO Executor Normal End
------------------------------------------------------------------------------------------------------------------------
Application     C:\QUESTIONNAIRE MENAGE ROUGEOLE - exportation\Entry\Interviewer.ent
Type            ENTRY
Input Data      <<CSPro DB>> C:\QUESTIONNAIRE MENAGE ROUGEOLE - exportation\Dicts\Interview.csdb
External        QUESTIONNAIRE_MENAGE_DICT=<<CSPro DB>> C:\QUESTIONNAIRE MENAGE ROUGEOLE - exportation\DataDrpbx\CCR.csdb

Date            Feb 18, 2020
Start Time      23:23:03
End Time        23:23:05

CSPRO Process Summary

CSPRO Executor Normal End
------------------------------------------------------------------------------------------------------------------------
Application     C:\QUESTIONNAIRE MENAGE ROUGEOLE - exportation\Entry\Interviewer.ent
Type            ENTRY
Input Data      <<CSPro DB>> C:\QUESTIONNAIRE MENAGE ROUGEOLE - exportation\Dicts\Interview.csdb
External        QUESTIONNAIRE_MENAGE_DICT=<<CSPro DB>> C:\QUESTIONNAIRE MENAGE ROUGEOLE - exportation\DataDrpbx\CCR.csdb

Date            Feb 19, 2020
Start Time      00:51:11
End Time        00:51:20

CSPRO Process Summary

CSPRO Executor Normal End
------------------------------------------------------------------------------------------------------------------------
Application     C:\QUESTIONNAIRE MENAGE ROUGEOLE - exportation\Entry\Interviewer.ent
Type            ENTRY
Input Data      <<CSPro DB>> C:\QUESTIONNAIRE MENAGE ROUGEOLE - exportation\Dicts\Interview.csdb
External        QUESTIONNAIRE_MENAGE_DICT=<<CSPro DB>> C:\QUESTIONNAIRE MENAGE ROUGEOLE - exportation\DataDrpbx\CCR.csdb

Date            Feb 19, 2020
Start Time      00:51:29
End Time        00:51:31

CSPRO Process Summary

CSPRO Executor Normal End
------------------------------------------------------------------------------------------------------------------------
Application     C:\QUESTIONNAIRE MENAGE ROUGEOLE - exportation\Entry\Interviewer.ent
Type            ENTRY
Input Data      <<CSPro DB>> C:\QUESTIONNAIRE MENAGE ROUGEOLE - exportation\Dicts\Interview.csdb
External        QUESTIONNAIRE_MENAGE_DICT=<<CSPro DB>> C:\QUESTIONNAIRE MENAGE ROUGEOLE - exportation\DataDrpbx\CCR.csdb

Date            Feb 19, 2020
Start Time      00:51:53
End Time        00:52:00

CSPRO Process Summary

CSPRO Executor Normal End
------------------------------------------------------------------------------------------------------------------------
Application     C:\QUESTIONNAIRE MENAGE ROUGEOLE - exportation\Entry\Interviewer.ent
Type            ENTRY
Input Data      <<CSPro DB>> C:\QUESTIONNAIRE MENAGE ROUGEOLE - exportation\Dicts\Interview.csdb
External        QUESTIONNAIRE_MENAGE_DICT=<<CSPro DB>> C:\QUESTIONNAIRE MENAGE ROUGEOLE - exportation\DataDrpbx\CCR.csdb

Date            Feb 19, 2020
Start Time      00:52:05
End Time        00:52:06

CSPRO Process Summary

CSPRO Executor Normal End
------------------------------------------------------------------------------------------------------------------------
Application     C:\QUESTIONNAIRE MENAGE ROUGEOLE - exportation\Entry\Interviewer.ent
Type            ENTRY
Input Data      <<CSPro DB>> C:\QUESTIONNAIRE MENAGE ROUGEOLE - exportation\Dicts\Interview.csdb
External        QUESTIONNAIRE_MENAGE_DICT=<<CSPro DB>> C:\QUESTIONNAIRE MENAGE ROUGEOLE - exportation\DataDrpbx\CCR.csdb

Date            Feb 19, 2020
Start Time      00:53:10
End Time        00:53:15

CSPRO Process Summary

CSPRO Executor Normal End
------------------------------------------------------------------------------------------------------------------------
Application     C:\QUESTIONNAIRE MENAGE ROUGEOLE - exportation\Entry\Interviewer.ent
Type            ENTRY
Input Data      <<CSPro DB>> C:\QUESTIONNAIRE MENAGE ROUGEOLE - exportation\Dicts\Interview.csdb
External        QUESTIONNAIRE_MENAGE_DICT=<<CSPro DB>> C:\QUESTIONNAIRE MENAGE ROUGEOLE - exportation\DataDrpbx\CCR.csdb

Date            Feb 19, 2020
Start Time      00:53:57
End Time        00:54:00

CSPRO Process Summary

CSPRO Executor Normal End
------------------------------------------------------------------------------------------------------------------------
Application     C:\QUESTIONNAIRE MENAGE ROUGEOLE - exportation\Entry\Interviewer.ent
Type            ENTRY
Input Data      <<CSPro DB>> C:\QUESTIONNAIRE MENAGE ROUGEOLE - exportation\Dicts\Interview.csdb
External        QUESTIONNAIRE_MENAGE_DICT=<<CSPro DB>> C:\QUESTIONNAIRE MENAGE ROUGEOLE - exportation\DataDrpbx\CCR.csdb

Date            Feb 19, 2020
Start Time      00:56:48
End Time        00:56:57

CSPRO Process Summary

System messages:

 Number    Frequency   Message text
 ------    ---------   ------------
  99990            1   Operator entered a value out of range                                                 

CSPRO Executor Normal End
------------------------------------------------------------------------------------------------------------------------
Application     C:\QUESTIONNAIRE MENAGE ROUGEOLE - exportation\Entry\Interviewer.ent
Type            ENTRY
Input Data      <<CSPro DB>> C:\QUESTIONNAIRE MENAGE ROUGEOLE - exportation\Dicts\Interview.csdb
External        QUESTIONNAIRE_MENAGE_DICT=<<CSPro DB>> C:\QUESTIONNAIRE MENAGE ROUGEOLE - exportation\DataDrpbx\CCR.csdb

Date            Feb 19, 2020
Start Time      00:57:11
End Time        00:57:13

CSPRO Process Summary

CSPRO Executor Normal End
------------------------------------------------------------------------------------------------------------------------
Application     C:\QUESTIONNAIRE MENAGE ROUGEOLE - exportation\Entry\Interviewer.ent
Type            ENTRY
Input Data      <<CSPro DB>> C:\QUESTIONNAIRE MENAGE ROUGEOLE - exportation\Dicts\Interview.csdb
External        QUESTIONNAIRE_MENAGE_DICT=<<CSPro DB>> C:\QUESTIONNAIRE MENAGE ROUGEOLE - exportation\DataDrpbx\CCR.csdb

Date            Feb 19, 2020
Start Time      01:05:23
End Time        01:05:28

CSPRO Process Summary

CSPRO Executor Normal End
------------------------------------------------------------------------------------------------------------------------
Application     C:\QUESTIONNAIRE MENAGE ROUGEOLE - exportation\Entry\Interviewer.ent
Type            ENTRY
Input Data      <<CSPro DB>> C:\QUESTIONNAIRE MENAGE ROUGEOLE - exportation\Dicts\Interview.csdb
External        QUESTIONNAIRE_MENAGE_DICT=<<CSPro DB>> C:\QUESTIONNAIRE MENAGE ROUGEOLE - exportation\DataDrpbx\CCR.csdb

Date            Feb 19, 2020
Start Time      01:05:33
End Time        01:05:34

CSPRO Process Summary

CSPRO Executor Normal End
------------------------------------------------------------------------------------------------------------------------
Application     C:\QUESTIONNAIRE MENAGE ROUGEOLE - exportation\Entry\Interviewer.ent
Type            ENTRY
Input Data      <<CSPro DB>> C:\QUESTIONNAIRE MENAGE ROUGEOLE - exportation\Dicts\Interview.csdb
External        QUESTIONNAIRE_MENAGE_DICT=<<CSPro DB>> C:\QUESTIONNAIRE MENAGE ROUGEOLE - exportation\DataDrpbx\CCR.csdb

Date            Feb 19, 2020
Start Time      01:20:27
End Time        01:20:50

CSPRO Process Summary

CSPRO Executor Normal End
------------------------------------------------------------------------------------------------------------------------
Application     C:\QUESTIONNAIRE MENAGE ROUGEOLE - exportation\Entry\Interviewer.ent
Type            ENTRY
Input Data      <<CSPro DB>> C:\QUESTIONNAIRE MENAGE ROUGEOLE - exportation\Dicts\Interview.csdb
External        QUESTIONNAIRE_MENAGE_DICT=<<CSPro DB>> C:\QUESTIONNAIRE MENAGE ROUGEOLE - exportation\DataDrpbx\CCR.csdb

Date            Feb 19, 2020
Start Time      01:36:19
End Time        01:36:29

CSPRO Process Summary

CSPRO Executor Normal End
------------------------------------------------------------------------------------------------------------------------
Application     C:\QUESTIONNAIRE MENAGE ROUGEOLE - exportation\Entry\Interviewer.ent
Type            ENTRY
Input Data      <<CSPro DB>> C:\QUESTIONNAIRE MENAGE ROUGEOLE - exportation\Dicts\Interview.csdb
External        QUESTIONNAIRE_MENAGE_DICT=<<CSPro DB>> C:\QUESTIONNAIRE MENAGE ROUGEOLE - exportation\DataDrpbx\CCR.csdb

Date            Feb 19, 2020
Start Time      01:37:28
End Time        01:37:29

CSPRO Process Summary

CSPRO Executor Normal End
------------------------------------------------------------------------------------------------------------------------
Application     C:\QUESTIONNAIRE MENAGE ROUGEOLE - exportation\Entry\Interviewer.ent
Type            ENTRY
Input Data      <<CSPro DB>> C:\QUESTIONNAIRE MENAGE ROUGEOLE - exportation\Dicts\Interview.csdb
External        QUESTIONNAIRE_MENAGE_DICT=<<CSPro DB>> C:\QUESTIONNAIRE MENAGE ROUGEOLE - exportation\DataDrpbx\CCR.csdb

Date            Feb 19, 2020
Start Time      01:41:42
End Time        01:41:49

CSPRO Process Summary

CSPRO Executor Normal End
------------------------------------------------------------------------------------------------------------------------
Application     C:\QUESTIONNAIRE MENAGE ROUGEOLE - exportation\Entry\Interviewer.ent
Type            ENTRY
Input Data      <<CSPro DB>> C:\QUESTIONNAIRE MENAGE ROUGEOLE - exportation\Dicts\Interview.csdb
External        QUESTIONNAIRE_MENAGE_DICT=<<CSPro DB>> C:\QUESTIONNAIRE MENAGE ROUGEOLE - exportation\DataDrpbx\CCR.csdb

Date            Feb 19, 2020
Start Time      01:42:03
End Time        01:42:05

CSPRO Process Summary

CSPRO Executor Normal End
------------------------------------------------------------------------------------------------------------------------
Application     C:\QUESTIONNAIRE MENAGE ROUGEOLE - exportation\Entry\Interviewer.ent
Type            ENTRY
Input Data      <<CSPro DB>> C:\QUESTIONNAIRE MENAGE ROUGEOLE - exportation\Dicts\Interview.csdb
External        QUESTIONNAIRE_MENAGE_DICT=<<CSPro DB>> C:\QUESTIONNAIRE MENAGE ROUGEOLE - exportation\DataDrpbx\CCR.csdb

Date            Feb 24, 2020
Start Time      00:04:39
End Time        00:04:45

CSPRO Process Summary

CSPRO Executor Normal End
------------------------------------------------------------------------------------------------------------------------
Application     C:\QUESTIONNAIRE MENAGE ROUGEOLE - exportation\Entry\Interviewer.ent
Type            ENTRY
Input Data      <<CSPro DB>> C:\QUESTIONNAIRE MENAGE ROUGEOLE - exportation\Dicts\Interview.csdb
External        QUESTIONNAIRE_MENAGE_DICT=<<CSPro DB>> C:\QUESTIONNAIRE MENAGE ROUGEOLE - exportation\DataDrpbx\CCR.csdb

Date            Feb 24, 2020
Start Time      00:05:28
End Time        00:05:31

CSPRO Process Summary

CSPRO Executor Normal End
------------------------------------------------------------------------------------------------------------------------
