Application     C:\Google Drive\WHOLE_CSAD_CSPRO\ROUGEOLEDRC20\Entry\QUESTIONNAIRE MENAGE.ent
Type            ENTRY
Input Data      <<CSPro DB>> C:\Google Drive\WHOLE_CSAD_CSPRO\ROUGEOLEDRC20\Data\CCR.csdb
External        INTERVIEWERMENU_DICT=<<CSPro DB>> C:\Google Drive\WHOLE_CSAD_CSPRO\ROUGEOLEDRC20\Data\Interview.csdb

Date            Jun  3, 2020
Start Time      17:35:11
End Time        17:36:42

CSPRO Process Summary

User unnumbered messages:

   Line    Freq  Pct.  Message text                                                                                Denom
   ----    ----  ----  ------------                                                                                -----
     18       1    -   Rassurez-vous d'être passer par le MENU                                                         -

CSPRO Executor Normal End
------------------------------------------------------------------------------------------------------------------------
Application     C:\Google Drive\WHOLE_CSAD_CSPRO\ROUGEOLEDRC20\Entry\QUESTIONNAIRE MENAGE.ent
Type            ENTRY
Input Data      <<CSPro DB>> C:\Google Drive\WHOLE_CSAD_CSPRO\ROUGEOLEDRC20\Data\CCR.csdb
External        INTERVIEWERMENU_DICT=<<CSPro DB>> C:\Google Drive\WHOLE_CSAD_CSPRO\ROUGEOLEDRC20\Data\Interview.csdb

Date            Jun  3, 2020
Start Time      17:38:55
End Time        17:39:00

CSPRO Process Summary

User unnumbered messages:

   Line    Freq  Pct.  Message text                                                                                Denom
   ----    ----  ----  ------------                                                                                -----
     18       1    -   Rassurez-vous d'être passer par le MENU                                                         -

CSPRO Executor Normal End
------------------------------------------------------------------------------------------------------------------------
Application     C:\Google Drive\WHOLE_CSAD_CSPRO\ROUGEOLEDRC20\Entry\QUESTIONNAIRE MENAGE.ent
Type            ENTRY
Input Data      <<CSPro DB>> C:\Google Drive\WHOLE_CSAD_CSPRO\ROUGEOLEDRC20\Data\CCR.csdb
External        INTERVIEWERMENU_DICT=<<CSPro DB>> C:\Google Drive\WHOLE_CSAD_CSPRO\ROUGEOLEDRC20\Data\Interview.csdb

Date            Jun  3, 2020
Start Time      17:39:00
End Time        17:40:20

CSPRO Process Summary

User unnumbered messages:

   Line    Freq  Pct.  Message text                                                                                Denom
   ----    ----  ----  ------------                                                                                -----
     18       2    -   Rassurez-vous d'être passer par le MENU                                                         -

CSPRO Executor Normal End
------------------------------------------------------------------------------------------------------------------------
Application     C:\Google Drive\WHOLE_CSAD_CSPRO\ROUGEOLEDRC20\Entry\QUESTIONNAIRE MENAGE.ent
Type            ENTRY
Input Data      <<CSPro DB>> C:\Google Drive\WHOLE_CSAD_CSPRO\ROUGEOLEDRC20\Data\CCR.csdb

Date            Jun  5, 2020
Start Time      21:36:06
End Time        21:36:10

CSPRO Process Summary

User unnumbered messages:

   Line    Freq  Pct.  Message text                                                                                Denom
   ----    ----  ----  ------------                                                                                -----
     18       1    -   Rassurez-vous d'être passer par le MENU                                                         -

CSPRO Executor Normal End
------------------------------------------------------------------------------------------------------------------------
Application     C:\Google Drive\WHOLE_CSAD_CSPRO\ROUGEOLEDRC20\Entry\QUESTIONNAIRE MENAGE.ent
Type            ENTRY
Input Data      <<CSPro DB>> C:\Google Drive\WHOLE_CSAD_CSPRO\ROUGEOLEDRC20\Data\CCR.csdb

Date            Jun  5, 2020
Start Time      21:38:03
End Time        21:44:28

CSPRO Process Summary

User unnumbered messages:

   Line    Freq  Pct.  Message text                                                                                Denom
   ----    ----  ----  ------------                                                                                -----
     18       1    -   Rassurez-vous d'être passer par le MENU                                                         -
    263       1    -   Valeur Invalide                                                                                 -

CSPRO Executor Normal End
------------------------------------------------------------------------------------------------------------------------
Application     C:\Google Drive\WHOLE_CSAD_CSPRO\ROUGEOLEDRC20\Entry\QUESTIONNAIRE MENAGE.ent
Type            ENTRY
Input Data      <<CSPro DB>> C:\Google Drive\WHOLE_CSAD_CSPRO\ROUGEOLEDRC20\Data\CCR.csdb

Date            Jun  6, 2020
Start Time      14:00:01
End Time        14:00:08

CSPRO Process Summary

User unnumbered messages:

   Line    Freq  Pct.  Message text                                                                                Denom
   ----    ----  ----  ------------                                                                                -----
     18       1    -   Rassurez-vous d'être passer par le MENU                                                         -

CSPRO Executor Normal End
------------------------------------------------------------------------------------------------------------------------
Application     C:\Google Drive\WHOLE_CSAD_CSPRO\ROUGEOLEDRC20\Entry\QUESTIONNAIRE MENAGE.ent
Type            ENTRY
Input Data      <<CSPro DB>> C:\Google Drive\WHOLE_CSAD_CSPRO\ROUGEOLEDRC20\Data\CCR.csdb

Date            Jun  6, 2020
Start Time      14:00:09
End Time        14:01:31

CSPRO Process Summary

User unnumbered messages:

   Line    Freq  Pct.  Message text                                                                                Denom
   ----    ----  ----  ------------                                                                                -----
     18       2    -   Rassurez-vous d'être passer par le MENU                                                         -

CSPRO Executor Normal End
------------------------------------------------------------------------------------------------------------------------
Application     C:\Google Drive\WHOLE_CSAD_CSPRO\ROUGEOLEDRC20\Entry\QUESTIONNAIRE MENAGE.ent
Type            ENTRY
Input Data      <<CSPro DB>> C:\Google Drive\WHOLE_CSAD_CSPRO\ROUGEOLEDRC20\Data\CCR.csdb

Date            Jun  6, 2020
Start Time      14:04:52
End Time        14:04:56

CSPRO Process Summary

User unnumbered messages:

   Line    Freq  Pct.  Message text                                                                                Denom
   ----    ----  ----  ------------                                                                                -----
     18       1    -   Rassurez-vous d'être passer par le MENU                                                         -

CSPRO Executor Normal End
------------------------------------------------------------------------------------------------------------------------
Application     C:\Google Drive\WHOLE_CSAD_CSPRO\ROUGEOLEDRC20\Entry\QUESTIONNAIRE MENAGE.ent
Type            ENTRY
Input Data      <<CSPro DB>> C:\Google Drive\WHOLE_CSAD_CSPRO\ROUGEOLEDRC20\Data\CCR.csdb

Date            Jun  6, 2020
Start Time      14:04:57
End Time        14:06:46

CSPRO Process Summary

User unnumbered messages:

   Line    Freq  Pct.  Message text                                                                                Denom
   ----    ----  ----  ------------                                                                                -----
     18       2    -   Rassurez-vous d'être passer par le MENU                                                         -
    442       2    -   Valeur Invalide                                                                                 -

CSPRO Executor Normal End
------------------------------------------------------------------------------------------------------------------------
Application     C:\Google Drive\WHOLE_CSAD_CSPRO\ROUGEOLEDRC20\Entry\QUESTIONNAIRE MENAGE.ent
Type            ENTRY
Input Data      <<CSPro DB>> C:\Google Drive\WHOLE_CSAD_CSPRO\ROUGEOLEDRC20\Data\CCR.csdb

Date            Jun  6, 2020
Start Time      14:22:05
End Time        14:22:11

CSPRO Process Summary

User unnumbered messages:

   Line    Freq  Pct.  Message text                                                                                Denom
   ----    ----  ----  ------------                                                                                -----
     18       1    -   Rassurez-vous d'être passer par le MENU                                                         -

CSPRO Executor Normal End
------------------------------------------------------------------------------------------------------------------------
Application     C:\Google Drive\WHOLE_CSAD_CSPRO\ROUGEOLEDRC20\Entry\QUESTIONNAIRE MENAGE.ent
Type            ENTRY
Input Data      <<CSPro DB>> C:\Google Drive\WHOLE_CSAD_CSPRO\ROUGEOLEDRC20\Data\CCR.csdb

Date            Jun  6, 2020
Start Time      14:22:11
End Time        14:23:45

CSPRO Process Summary

User unnumbered messages:

   Line    Freq  Pct.  Message text                                                                                Denom
   ----    ----  ----  ------------                                                                                -----
     18       2    -   Rassurez-vous d'être passer par le MENU                                                         -

CSPRO Executor Normal End
------------------------------------------------------------------------------------------------------------------------
Application     C:\Google Drive\WHOLE_CSAD_CSPRO\ROUGEOLEDRC20\Entry\QUESTIONNAIRE MENAGE.ent
Type            ENTRY
Input Data      <<CSPro DB>> C:\Google Drive\WHOLE_CSAD_CSPRO\ROUGEOLEDRC20\Data\CCR.csdb

Date            Jun  6, 2020
Start Time      15:21:57
End Time        15:22:02

CSPRO Process Summary

User unnumbered messages:

   Line    Freq  Pct.  Message text                                                                                Denom
   ----    ----  ----  ------------                                                                                -----
     18       1    -   Rassurez-vous d'être passer par le MENU                                                         -

CSPRO Executor Normal End
------------------------------------------------------------------------------------------------------------------------
Application     C:\Google Drive\WHOLE_CSAD_CSPRO\ROUGEOLEDRC20\Entry\QUESTIONNAIRE MENAGE.ent
Type            ENTRY
Input Data      <<CSPro DB>> C:\Google Drive\WHOLE_CSAD_CSPRO\ROUGEOLEDRC20\Data\CCR.csdb

Date            Jun  6, 2020
Start Time      15:22:03
End Time        15:23:04

CSPRO Process Summary

System messages:

 Number    Frequency   Message text
 ------    ---------   ------------
  99990            1   Operator entered a value out of range                                                 

User unnumbered messages:

   Line    Freq  Pct.  Message text                                                                                Denom
   ----    ----  ----  ------------                                                                                -----
     18       2    -   Rassurez-vous d'être passer par le MENU                                                         -
    442       1    -   Valeur Invalide                                                                                 -

CSPRO Executor Normal End
------------------------------------------------------------------------------------------------------------------------
Application     C:\Google Drive\WHOLE_CSAD_CSPRO\ROUGEOLEDRC20\Entry\QUESTIONNAIRE MENAGE.ent
Type            ENTRY
Input Data      <<CSPro DB>> C:\Google Drive\WHOLE_CSAD_CSPRO\ROUGEOLEDRC20\Data\CCR.csdb

Date            Jun  6, 2020
Start Time      15:26:16
End Time        15:26:57

CSPRO Process Summary

User unnumbered messages:

   Line    Freq  Pct.  Message text                                                                                Denom
   ----    ----  ----  ------------                                                                                -----
     18       1    -   Rassurez-vous d'être passer par le MENU                                                         -

CSPRO Executor Normal End
------------------------------------------------------------------------------------------------------------------------
Application     C:\Google Drive\WHOLE_CSAD_CSPRO\ROUGEOLEDRC20\Entry\QUESTIONNAIRE MENAGE.ent
Type            ENTRY
Input Data      <<CSPro DB>> C:\Google Drive\WHOLE_CSAD_CSPRO\ROUGEOLEDRC20\Data\CCR.csdb

Date            Jun  6, 2020
Start Time      15:27:02
End Time        15:27:55

CSPRO Process Summary

User unnumbered messages:

   Line    Freq  Pct.  Message text                                                                                Denom
   ----    ----  ----  ------------                                                                                -----
      9       2    -   %s                                                                                              -
     18       2    -   Rassurez-vous d'être passer par le MENU                                                         -

CSPRO Executor Normal End
------------------------------------------------------------------------------------------------------------------------
Application     C:\Google Drive\WHOLE_CSAD_CSPRO\ROUGEOLEDRC20\Entry\QUESTIONNAIRE MENAGE.ent
Type            ENTRY
Input Data      <<CSPro DB>> C:\Google Drive\WHOLE_CSAD_CSPRO\ROUGEOLEDRC20\Data\CCR.csdb

Date            Jun  6, 2020
Start Time      15:43:13
End Time        15:44:18

CSPRO Process Summary

User unnumbered messages:

   Line    Freq  Pct.  Message text                                                                                Denom
   ----    ----  ----  ------------                                                                                -----
     18       1    -   Rassurez-vous d'être passer par le MENU                                                         -
    115       1    -   Veuillez bien renseigner cette question                                                         -

CSPRO Executor Normal End
------------------------------------------------------------------------------------------------------------------------
Application     C:\Google Drive\WHOLE_CSAD_CSPRO\ROUGEOLEDRC20\Entry\QUESTIONNAIRE MENAGE.ent
Type            ENTRY
Input Data      <<CSPro DB>> C:\Google Drive\WHOLE_CSAD_CSPRO\ROUGEOLEDRC20\Data\CCR.csdb

Date            Jun  6, 2020
Start Time      15:44:20
End Time        15:45:18

CSPRO Process Summary

User unnumbered messages:

   Line    Freq  Pct.  Message text                                                                                Denom
   ----    ----  ----  ------------                                                                                -----
      9       1    -   %s                                                                                              -
     18       2    -   Rassurez-vous d'être passer par le MENU                                                         -
    115       1    -   Veuillez bien renseigner cette question                                                         -

CSPRO Executor Normal End
------------------------------------------------------------------------------------------------------------------------
Application     C:\Google Drive\WHOLE_CSAD_CSPRO\ROUGEOLEDRC20\Entry\QUESTIONNAIRE MENAGE.ent
Type            ENTRY
Input Data      <<CSPro DB>> C:\Google Drive\WHOLE_CSAD_CSPRO\ROUGEOLEDRC20\Data\CCR.csdb

Date            Jun  6, 2020
Start Time      16:01:29
End Time        16:02:16

CSPRO Process Summary

User unnumbered messages:

   Line    Freq  Pct.  Message text                                                                                Denom
   ----    ----  ----  ------------                                                                                -----
     18       1    -   Rassurez-vous d'être passer par le MENU                                                         -

CSPRO Executor Normal End
------------------------------------------------------------------------------------------------------------------------
Application     C:\Google Drive\WHOLE_CSAD_CSPRO\ROUGEOLEDRC20\Entry\QUESTIONNAIRE MENAGE.ent
Type            ENTRY
Input Data      <<CSPro DB>> C:\Google Drive\WHOLE_CSAD_CSPRO\ROUGEOLEDRC20\Data\CCR.csdb

Date            Jun  6, 2020
Start Time      16:02:18
End Time        16:03:54

CSPRO Process Summary

User unnumbered messages:

   Line    Freq  Pct.  Message text                                                                                Denom
   ----    ----  ----  ------------                                                                                -----
      9       4    -   %s                                                                                              -
     18       2    -   Rassurez-vous d'être passer par le MENU                                                         -

CSPRO Executor Normal End
------------------------------------------------------------------------------------------------------------------------
Application     C:\Google Drive\WHOLE_CSAD_CSPRO\ROUGEOLEDRC20\Entry\QUESTIONNAIRE MENAGE.ent
Type            ENTRY
Input Data      <<CSPro DB>> C:\Google Drive\WHOLE_CSAD_CSPRO\ROUGEOLEDRC20\Data\CCR.csdb

Date            Jun  6, 2020
Start Time      16:05:04
End Time        16:05:08

CSPRO Process Summary

User unnumbered messages:

   Line    Freq  Pct.  Message text                                                                                Denom
   ----    ----  ----  ------------                                                                                -----
     18       1    -   Rassurez-vous d'être passer par le MENU                                                         -

CSPRO Executor Normal End
------------------------------------------------------------------------------------------------------------------------
Application     C:\Google Drive\WHOLE_CSAD_CSPRO\ROUGEOLEDRC20\Entry\QUESTIONNAIRE MENAGE.ent
Type            ENTRY
Input Data      <<CSPro DB>> C:\Google Drive\WHOLE_CSAD_CSPRO\ROUGEOLEDRC20\Data\CCR.csdb

Date            Jun  6, 2020
Start Time      16:05:09
End Time        16:05:24

CSPRO Process Summary

User unnumbered messages:

   Line    Freq  Pct.  Message text                                                                                Denom
   ----    ----  ----  ------------                                                                                -----
     18       2    -   Rassurez-vous d'être passer par le MENU                                                         -

CSPRO Executor Normal End
------------------------------------------------------------------------------------------------------------------------
Application     C:\Google Drive\WHOLE_CSAD_CSPRO\ROUGEOLEDRC20\Entry\QUESTIONNAIRE MENAGE.ent
Type            ENTRY
Input Data      <<CSPro DB>> C:\Google Drive\WHOLE_CSAD_CSPRO\ROUGEOLEDRC20\Data\CCR.csdb

Date            Jun  6, 2020
Start Time      16:05:26
End Time        16:05:56

CSPRO Process Summary

User unnumbered messages:

   Line    Freq  Pct.  Message text                                                                                Denom
   ----    ----  ----  ------------                                                                                -----
     18       3    -   Rassurez-vous d'être passer par le MENU                                                         -

CSPRO Executor Normal End
------------------------------------------------------------------------------------------------------------------------
Application     C:\Google Drive\WHOLE_CSAD_CSPRO\ROUGEOLEDRC20\Entry\QUESTIONNAIRE MENAGE.ent
Type            ENTRY
Input Data      <<CSPro DB>> C:\Google Drive\WHOLE_CSAD_CSPRO\ROUGEOLEDRC20\Data\CCR.csdb

Date            Jun 13, 2020
Start Time      14:05:54
End Time        14:06:05

CSPRO Process Summary

User unnumbered messages:

   Line    Freq  Pct.  Message text                                                                                Denom
   ----    ----  ----  ------------                                                                                -----
     17       1    -   Rassurez-vous d'être passer par le MENU                                                         -

CSPRO Executor Normal End
------------------------------------------------------------------------------------------------------------------------
Application     C:\Google Drive\WHOLE_CSAD_CSPRO\ROUGEOLEDRC20\Entry\QUESTIONNAIRE MENAGE.ent
Type            ENTRY
Input Data      <<CSPro DB>> C:\Google Drive\WHOLE_CSAD_CSPRO\ROUGEOLEDRC20\Data\CCR.csdb

Date            Jun 13, 2020
Start Time      14:06:09
End Time        14:06:15

CSPRO Process Summary

User unnumbered messages:

   Line    Freq  Pct.  Message text                                                                                Denom
   ----    ----  ----  ------------                                                                                -----
     17       2    -   Rassurez-vous d'être passer par le MENU                                                         -

CSPRO Executor Normal End
------------------------------------------------------------------------------------------------------------------------
Application     C:\Google Drive\WHOLE_CSAD_CSPRO\ROUGEOLEDRC20\Entry\QUESTIONNAIRE MENAGE.ent
Type            ENTRY
Input Data      <<CSPro DB>> C:\Google Drive\WHOLE_CSAD_CSPRO\ROUGEOLEDRC20\Data\CCR.csdb

Date            Jun 13, 2020
Start Time      14:06:16
End Time        14:06:46

CSPRO Process Summary

User unnumbered messages:

   Line    Freq  Pct.  Message text                                                                                Denom
   ----    ----  ----  ------------                                                                                -----
     17       3    -   Rassurez-vous d'être passer par le MENU                                                         -

CSPRO Executor Normal End
------------------------------------------------------------------------------------------------------------------------
Application     C:\Google Drive\WHOLE_CSAD_CSPRO\ROUGEOLEDRC20\Entry\QUESTIONNAIRE MENAGE.ent
Type            ENTRY
Input Data      <<CSPro DB>> C:\Google Drive\WHOLE_CSAD_CSPRO\ROUGEOLEDRC20\Data\CCR.csdb

Date            Jun 13, 2020
Start Time      14:06:47
End Time        14:07:14

CSPRO Process Summary

User unnumbered messages:

   Line    Freq  Pct.  Message text                                                                                Denom
   ----    ----  ----  ------------                                                                                -----
     17       4    -   Rassurez-vous d'être passer par le MENU                                                         -

CSPRO Executor Normal End
------------------------------------------------------------------------------------------------------------------------
Application     C:\Google Drive\WHOLE_CSAD_CSPRO\ROUGEOLEDRC20\Entry\QUESTIONNAIRE MENAGE.ent
Type            ENTRY
Input Data      <<CSPro DB>> C:\Google Drive\WHOLE_CSAD_CSPRO\ROUGEOLEDRC20\Data\CCR.csdb

Date            Jun 13, 2020
Start Time      14:07:17
End Time        14:07:55

CSPRO Process Summary

User unnumbered messages:

   Line    Freq  Pct.  Message text                                                                                Denom
   ----    ----  ----  ------------                                                                                -----
     17       5    -   Rassurez-vous d'être passer par le MENU                                                         -

CSPRO Executor Normal End
------------------------------------------------------------------------------------------------------------------------
Application     C:\ROUGEOLEDRC20\Entry\QUESTIONNAIRE MENAGE.ent
Type            ENTRY
Input Data      <<CSPro DB>> C:\ROUGEOLEDRC20\Data\CCR.csdb

Date            Jul 31, 2020
Start Time      12:31:32
End Time        12:31:50

CSPRO Process Summary

User unnumbered messages:

   Line    Freq  Pct.  Message text                                                                                Denom
   ----    ----  ----  ------------                                                                                -----
     17       1    -   Rassurez-vous d'être passer par le MENU                                                         -
     83       1    -   Valeur Invalide                                                                                 -

CSPRO Executor Normal End
------------------------------------------------------------------------------------------------------------------------
Application     C:\ROUGEOLEDRC20\Entry\QUESTIONNAIRE MENAGE.ent
Type            ENTRY
Input Data      <<CSPro DB>> C:\ROUGEOLEDRC20\Data\CCR.csdb

Date            Jul 31, 2020
Start Time      12:32:50
End Time        12:40:39

CSPRO Process Summary

User unnumbered messages:

   Line    Freq  Pct.  Message text                                                                                Denom
   ----    ----  ----  ------------                                                                                -----
      9       2    -   %s                                                                                              -
     17       2    -   Rassurez-vous d'être passer par le MENU                                                         -

CSPRO Executor Normal End
------------------------------------------------------------------------------------------------------------------------
